// Jest Snapshot v1, https://goo.gl/fbAQLP

exports[`Card it renders correctly 1`] = `
<div>
  <div
    class="woocommerce-card"
  >
    <div
      class="woocommerce-card__header"
    >
      <div
        class="woocommerce-card__title-wrapper"
      >
        <h2
          class="woocommerce-card__title woocommerce-card__header-item"
        >
          A Card Example
        </h2>
      </div>
    </div>
    <div
      class="woocommerce-card__body"
    />
  </div>
</div>
`;
